Starting tailscaled
TS_AUTHKEY is not set; starting interactive Tailscale login
Waiting for tailscale status
Tailscale connected
Setting up WireGuard
Adding WireGuard route
Setting up WireGuard firewall
AUDIT_INJECTED_FIREWALL_FAILURE
AUDIT_INJECTED_FIREWALL_FAILURE
AUDIT_INJECTED_FIREWALL_FAILURE
AUDIT_INJECTED_FIREWALL_FAILURE
AUDIT_INJECTED_FIREWALL_FAILURE
AUDIT_INJECTED_FIREWALL_FAILURE
WireGuard setup complete
Setting up split DNS
Current tailnet domain: audit.invalid
AUDIT_INJECTED_FIREWALL_FAILURE
AUDIT_INJECTED_FIREWALL_FAILURE
AUDIT_INJECTED_FIREWALL_FAILURE
AUDIT_INJECTED_FIREWALL_FAILURE
AUDIT_INJECTED_FIREWALL_FAILURE
AUDIT_INJECTED_FIREWALL_FAILURE
AUDIT_INJECTED_FIREWALL_FAILURE
AUDIT_INJECTED_FIREWALL_FAILURE
AUDIT_INJECTED_FIREWALL_FAILURE
AUDIT_INJECTED_FIREWALL_FAILURE
Split DNS setup complete
